// Jest Snapshot v1, https://goo.gl/fbAQLP

exports[`ArtistPlaylist should render self 1`] = `null`;
