// Jest Snapshot v1, https://goo.gl/fbAQLP

exports[`Playlist should render self 1`] = `
<a
  aria-current={null}
  href="/playlist/undefined"
  onClick={[Function]}
>
  <div
    className="playlist"
  >
    <img />
    <p />
  </div>
</a>
`;
