// Jest Snapshot v1, https://goo.gl/fbAQLP

exports[`SearchResults should render self 1`] = `
<section
  className="search"
/>
`;
