// Jest Snapshot v1, https://goo.gl/fbAQLP

exports[`Controls Controls renders correctly 1`] = `
<div
  className="controls"
>
  <button>
    <Rewind
      onClick={[Function]}
    />
  </button>
  <button
    onClick={[Function]}
  >
    <img
      alt="play"
      src="data:image/svg+xml;utf8;base64,PD94bWwgdmVyc2lvbj0iMS4wIiBlbmNvZGluZz0iaXNvLTg4NTktMSI/Pgo8IS0tIEdlbmVyYXRvcjogQWRvYmUgSWxsdXN0cmF0b3IgMTkuMC4wLCBTVkcgRXhwb3J0IFBsdWctSW4gLiBTVkcgVmVyc2lvbjogNi4wMCBCdWlsZCAwKSAgLS0+CjxzdmcgeG1sbnM9Imh0dHA6Ly93d3cudzMub3JnLzIwMDAvc3ZnIiB4bWxuczp4bGluaz0iaHR0cDovL3d3dy53My5vcmcvMTk5OS94bGluayIgdmVyc2lvbj0iMS4xIiBpZD0iQ2FwYV8xIiB4PSIwcHgiIHk9IjBweCIgdmlld0JveD0iMCAwIDQxLjk5OSA0MS45OTkiIHN0eWxlPSJlbmFibGUtYmFja2dyb3VuZDpuZXcgMCAwIDQxLjk5OSA0MS45OTk7IiB4bWw6c3BhY2U9InByZXNlcnZlIiB3aWR0aD0iNTEycHgiIGhlaWdodD0iNTEycHgiPgo8cGF0aCBkPSJNMzYuMDY4LDIwLjE3NmwtMjktMjBDNi43NjEtMC4wMzUsNi4zNjMtMC4wNTcsNi4wMzUsMC4xMTRDNS43MDYsMC4yODcsNS41LDAuNjI3LDUuNSwwLjk5OXY0MCAgYzAsMC4zNzIsMC4yMDYsMC43MTMsMC41MzUsMC44ODZjMC4xNDYsMC4wNzYsMC4zMDYsMC4xMTQsMC40NjUsMC4xMTRjMC4xOTksMCwwLjM5Ny0wLjA2LDAuNTY4LTAuMTc3bDI5LTIwICBjMC4yNzEtMC4xODcsMC40MzItMC40OTQsMC40MzItMC44MjNTMzYuMzM4LDIwLjM2MywzNi4wNjgsMjAuMTc2eiBNNy41LDM5LjA5NVYyLjkwNGwyNi4yMzksMTguMDk2TDcuNSwzOS4wOTV6IiBmaWxsPSIjRkZGRkZGIi8+CjxnPgo8L2c+CjxnPgo8L2c+CjxnPgo8L2c+CjxnPgo8L2c+CjxnPgo8L2c+CjxnPgo8L2c+CjxnPgo8L2c+CjxnPgo8L2c+CjxnPgo8L2c+CjxnPgo8L2c+CjxnPgo8L2c+CjxnPgo8L2c+CjxnPgo8L2c+CjxnPgo8L2c+CjxnPgo8L2c+Cjwvc3ZnPgo="
    />
  </button>
  <button>
    <Forward
      onClick={[Function]}
    />
  </button>
</div>
`;

exports[`Forward Forward renders correctly 1`] = `<Forward />`;

exports[`Rewind Rewind renders correctly 1`] = `<Rewind />`;
