// Jest Snapshot v1, https://goo.gl/fbAQLP

exports[`Playlists renders correctly 1`] = `null`;
